
**********************************

Cluster CR: v1_Namespace_kubernetes-dashboard
Reference File: ns.yaml
Diff Output: None

**********************************

Summary
CRs with diffs: 0/1
No CRs are missing from the cluster
No CRs are unmatched to reference CRs
